<LayoutModel>
  <Root id="Form">
    <DimensionLayout dim="horizontal">
      <Group type="parallel" groupAlignment="leading" attributes="2048">
          <Group type="sequential" attributes="0">
              <EmptySpace max="$pref" attributes="0"/>
              <Group type="parallel" groupAlignment="leading" attributes="0">
                  <Group type="parallel" groupAlignment="leading" max="$pref" attributes="0">
                      <Group type="sequential" alignment="leading" attributes="0">
                          <Component id="jToggleButton1" min="$pref" max="$pref" attributes="0"/>
                          <EmptySpace max="$pref" attributes="0"/>
                          <Component id="jLabel2" min="$pref" max="$pref" attributes="0"/>
                          <EmptySpace max="$pref" attributes="0"/>
                          <Component id="jButton4" min="$pref" max="$pref" attributes="0"/>
                      </Group>
                      <Group type="sequential" alignment="leading" attributes="0">
                          <Component id="jLabel3" min="$pref" max="$pref" attributes="0"/>
                          <EmptySpace max="$pref" attributes="0"/>
                          <Component id="jLabel4" min="$pref" max="$pref" attributes="0"/>
                          <EmptySpace max="$pref" attributes="0"/>
                          <Component id="jTextField3" max="Short.MAX_VALUE" attributes="512"/>
                      </Group>
                      <Group type="sequential" alignment="leading" attributes="0">
                          <Component id="jLabel1" min="$pref" max="$pref" attributes="0"/>
                          <EmptySpace max="$pref" attributes="0"/>
                          <Component id="jButton3" min="$pref" max="$pref" attributes="0"/>
                          <EmptySpace max="$pref" attributes="0"/>
                          <Component id="jTextField2" max="Short.MAX_VALUE" attributes="512"/>
                      </Group>
                      <Group type="sequential" alignment="leading" attributes="0">
                          <Component id="jButton1" min="$pref" max="$pref" attributes="0"/>
                          <EmptySpace max="$pref" attributes="0"/>
                          <Component id="jTextField1" min="$pref" max="$pref" attributes="0"/>
                          <EmptySpace max="$pref" attributes="0"/>
                          <Component id="jButton2" min="$pref" max="$pref" attributes="0"/>
                      </Group>
                  </Group>
                  <Component id="jProgressBar1" min="$pref" pref="356" max="$pref" attributes="0"/>
                  <Group type="sequential" alignment="leading" attributes="0">
                      <Component id="jButton5" min="$pref" max="$pref" attributes="0"/>
                      <EmptySpace max="$pref" attributes="1024"/>
                      <Component id="jTextField4" pref="424" max="Short.MAX_VALUE" attributes="1024"/>
                  </Group>
              </Group>
              <EmptySpace max="$pref" attributes="4"/>
          </Group>
      </Group>
    </DimensionLayout>
    <DimensionLayout dim="vertical">
      <Group type="parallel" groupAlignment="leading" attributes="2048">
          <Group type="sequential" alignment="leading" attributes="0">
              <EmptySpace max="$pref" attributes="0"/>
              <Group type="parallel" groupAlignment="baseline" attributes="0">
                  <Component id="jButton1" alignment="baseline" min="$pref" max="$pref" attributes="0"/>
                  <Component id="jTextField1" alignment="baseline" min="$pref" max="$pref" attributes="0"/>
                  <Component id="jButton2" alignment="baseline" min="$pref" max="$pref" attributes="0"/>
              </Group>
              <EmptySpace max="$pref" attributes="0"/>
              <Group type="parallel" groupAlignment="baseline" attributes="0">
                  <Component id="jLabel1" alignment="baseline" min="$pref" max="$pref" attributes="0"/>
                  <Component id="jButton3" alignment="baseline" min="$pref" max="$pref" attributes="0"/>
                  <Component id="jTextField2" alignment="baseline" min="$pref" max="$pref" attributes="0"/>
              </Group>
              <EmptySpace max="$pref" attributes="0"/>
              <Group type="parallel" groupAlignment="baseline" attributes="0">
                  <Component id="jToggleButton1" alignment="baseline" min="$pref" max="$pref" attributes="0"/>
                  <Component id="jLabel2" alignment="baseline" min="$pref" max="$pref" attributes="0"/>
                  <Component id="jButton4" alignment="baseline" min="$pref" max="$pref" attributes="0"/>
              </Group>
              <EmptySpace max="$pref" attributes="0"/>
              <Group type="parallel" groupAlignment="baseline" attributes="0">
                  <Component id="jLabel3" alignment="baseline" min="$pref" max="$pref" attributes="0"/>
                  <Component id="jLabel4" alignment="baseline" min="$pref" max="$pref" attributes="0"/>
                  <Component id="jTextField3" alignment="baseline" min="$pref" max="$pref" attributes="0"/>
              </Group>
              <EmptySpace max="$pref" attributes="0"/>
              <Group type="parallel" groupAlignment="baseline" attributes="0">
                  <Component id="jButton5" alignment="baseline" min="$pref" max="$pref" attributes="0"/>
                  <Component id="jTextField4" alignment="baseline" min="$pref" max="$pref" attributes="0"/>
              </Group>
              <EmptySpace max="$pref" attributes="0"/>
              <Component id="jProgressBar1" min="$pref" max="$pref" attributes="0"/>
              <EmptySpace pref="133" max="Short.MAX_VALUE" attributes="4"/>
          </Group>
      </Group>
    </DimensionLayout>
  </Root>
</LayoutModel>
